> Task :app:preBuild UP-TO-DATE
> Task :app:preDebugBuild UP-TO-DATE
> Task :app:mergeDebugNativeDebugMetadata NO-SOURCE
> Task :app:checkKotlinGradlePluginConfigurationErrors SKIPPED
> Task :app:generateDebugBuildConfig
> Task :app:generateDebugResValues
> Task :app:checkDebugAarMetadata
> Task :app:mapDebugSourceSetPaths
> Task :app:generateDebugResources
> Task :app:packageDebugResources
> Task :app:createDebugCompatibleScreenManifests
> Task :app:extractDeepLinksDebug
> Task :app:parseDebugLocalResources
> Task :app:mergeDebugResources
> Task :app:processDebugMainManifest
> Task :app:processDebugManifest
> Task :app:mergeDebugShaders
> Task :app:compileDebugShaders NO-SOURCE
> Task :app:generateDebugAssets UP-TO-DATE
> Task :app:javaPreCompileDebug
> Task :app:mergeDebugAssets
> Task :app:compressDebugAssets
> Task :app:desugarDebugFileDependencies
> Task :app:processDebugManifestForPackage
> Task :app:checkDebugDuplicateClasses
> Task :app:mergeLibDexDebug
> Task :app:mergeDebugJniLibFolders
> Task :app:validateSigningDebug
> Task :app:writeDebugAppMetadata
> Task :app:writeDebugSigningConfigVersions
> Task :app:mergeDebugNativeLibs

> Task :app:stripDebugDebugSymbols
Unable to strip the following libraries, packaging them as they are: libamplituda-native-lib.so, libandroidx.graphics.path.so, libavcodec-amplituda.so, libavformat-amplituda.so, libavutil-amplituda.so, libduktape.so, libffmpegJNI.so, libswresample-amplituda.so, libtaglib.so. Run with --info option to learn more.

> Task :app:l8DexDesugarLibDebug
> Task :app:processDebugResources
> Task :app:mergeExtDexDebug
> Task :app:kspDebugKotlin

> Task :app:compileDebugKotlin FAILED
e: file:///Users/meliko/StudioProjects/PixelPlayer_navidrome/app/src/main/java/com/theveloper/pixelplay/presentation/screens/SettingsCategoryScreen.kt:466:52 Unresolved reference 'launch'.
e: file:///Users/meliko/StudioProjects/PixelPlayer_navidrome/app/src/main/java/com/theveloper/pixelplay/presentation/screens/SettingsCategoryScreen.kt:467:79 Suspension functions can only be called within coroutine body.
e: file:///Users/meliko/StudioProjects/PixelPlayer_navidrome/app/src/main/java/com/theveloper/pixelplay/presentation/screens/SettingsCategoryScreen.kt:469:52 Unresolved reference 'launch'.
e: file:///Users/meliko/StudioProjects/PixelPlayer_navidrome/app/src/main/java/com/theveloper/pixelplay/presentation/screens/SettingsCategoryScreen.kt:470:81 Suspension functions can only be called within coroutine body.
e: file:///Users/meliko/StudioProjects/PixelPlayer_navidrome/app/src/main/java/com/theveloper/pixelplay/presentation/screens/SettingsCategoryScreen.kt:472:52 Unresolved reference 'launch'.
e: file:///Users/meliko/StudioProjects/PixelPlayer_navidrome/app/src/main/java/com/theveloper/pixelplay/presentation/screens/SettingsCategoryScreen.kt:473:80 Suspension functions can only be called within coroutine body.
e: file:///Users/meliko/StudioProjects/PixelPlayer_navidrome/app/src/main/java/com/theveloper/pixelplay/presentation/screens/SettingsCategoryScreen.kt:475:52 Unresolved reference 'launch'.
e: file:///Users/meliko/StudioProjects/PixelPlayer_navidrome/app/src/main/java/com/theveloper/pixelplay/presentation/screens/SettingsCategoryScreen.kt:476:80 Suspension functions can only be called within coroutine body.

FAILURE: Build failed with an exception.

* What went wrong:
Execution failed for task ':app:compileDebugKotlin'.
> A failure occurred while executing org.jetbrains.kotlin.compilerRunner.GradleCompilerRunnerWithWorkers$GradleKotlinCompilerWorkAction
   > Compilation error. See log for more details

* Try:
> Run with --stacktrace option to get the stack trace.
> Run with --info or --debug option to get more log output.
> Run with --scan to get full insights.
> Get more help at https://help.gradle.org.

BUILD FAILED in 1m 12s
31 actionable tasks: 31 executed
